C:\Users\KAMATI KAVERI\AppData\Local\Programs\Python\Python312\raniii.py
C:\Users\KAMATI KAVERI\AppData\Local\Programs\Python\Python312\rani patterns3.py
C:\Users\KAMATI KAVERI\AppData\Local\Programs\Python\Python312\rani pattern1.py
C:\Users\KAMATI KAVERI\AppData\Local\Programs\Python\Python312\rani patterns.py
C:\Users\KAMATI KAVERI\AppData\Local\Programs\Python\Python312\python patterns.py
C:\Users\KAMATI KAVERI\AppData\Local\Programs\Python\Python312\rani files.py
C:\Users\KAMATI KAVERI\AppData\Local\Programs\Python\Python312\rani1.py
C:\Users\KAMATI KAVERI\AppData\Local\Programs\Python\Python312\rani.py
C:\Users\KAMATI KAVERI\AppData\Local\Programs\Python\Python312\examples.py
C:\Users\KAMATI KAVERI\AppData\Local\Programs\Python\Python312\rani floats1.py
C:\Users\KAMATI KAVERI\AppData\Local\Programs\Python\Python312\Rani floats.py
C:\Users\KAMATI KAVERI\OneDrive\New folder\rani floats.py
C:\Users\KAMATI KAVERI\AppData\Local\Programs\Python\Python312\rani floats file.py
C:\Users\KAMATI KAVERI\AppData\Local\Programs\Python\Python312\python pattern.py
C:\Users\KAMATI KAVERI\AppData\Local\Programs\Python\Python312\python flow control.py
C:\Users\KAMATI KAVERI\Desktop\python pattern.py
C:\Users\KAMATI KAVERI\AppData\Local\Programs\Python\Python312\Doc\html\_downloads\ranii IF FOLDER.py
